
Allocating common symbols
Common symbol       size              file

netbufpool          0x4               binaries/net.o
Trace               0x4               binaries/xsh_l3e2.o
readylist           0x2               binaries/ready.o
rfltab              0x5a0             binaries/rflinit.o
netportseed         0x8               binaries/net.o
sleepq              0x2               binaries/clkinit.o
nnames              0x4               binaries/naminit.o
udptab              0x168             binaries/udp.o
minheap             0x4               binaries/meminit.o
marks               0x50              binaries/mark.o
currpid             0x4               binaries/initialize.o
Lf_data             0x20c             binaries/lfsinit.o
porttab             0x2d0             binaries/ptinit.o
girmask             0x2               binaries/evec.o
ttytab              0x110             binaries/ttyinit.o
proctab             0x15e0            binaries/initialize.o
prcount             0x4               binaries/initialize.o
jmptab              0x640             binaries/catch.o
isWakeup            0x4               binaries/clkhandler.o
lfltab              0xf00             binaries/lflinit.o
rdstab              0x8c              binaries/rdsinit.o
ethertab            0x130             binaries/ethinit.o
isPreempt           0x4               binaries/clkhandler.o
NetData             0xb0              binaries/net.o
nmarks              0x4               binaries/mark.o
initsp              0x4               binaries/i386.o
Defer               0x8               binaries/resched.o
semtab              0x4b0             binaries/initialize.o
buffer              0x4b0             binaries/xsh_l4e1.o
maxheap             0x4               binaries/meminit.o
preempt             0x4               binaries/clkinit.o
buftab              0xf0              binaries/bufinit.o
Rf_data             0x18              binaries/rfsinit.o
callwait            0x4               binaries/xsh_l3e4.o
mkmutex             0x4               binaries/mark.o
s_wait              0x4               binaries/xsh_l3e4.o
clktime             0x4               binaries/clkinit.o
arpcache            0x180             binaries/arp.o
icmptab             0x230             binaries/icmp.o
nbpools             0x4               binaries/bufinit.o
queuetab            0x980             binaries/queue.o
ptnextid            0x4               binaries/ptinit.o
Ram                 0x19000           binaries/raminit.o
ipoqueue            0x2c              binaries/ip.o
memlist             0x8               binaries/initialize.o
nametab             0x19a0            binaries/naminit.o
ptfree              0x4               binaries/ptinit.o

Memory Configuration

Name             Origin             Length             Attributes
*default*        0x0000000000000000 0xffffffffffffffff

Linker script and memory map

                0x0000000000100000                physbase = 0x100000
                0x0000000000100000                . = physbase
                0x0000000000100000                . = ALIGN (0x1000)

.text           0x0000000000100000    0x1c000
                0x0000000000100000                text = ABSOLUTE (.)
 *(.text .text.*)
 .text          0x0000000000100000      0x165 binaries/start.o
                0x0000000000100020                entry
                0x000000000010003d                start
                0x00000000001000a5                inb
                0x00000000001000ad                inw
                0x00000000001000b6                inl
                0x00000000001000be                outb
                0x00000000001000c8                outw
                0x00000000001000d3                outl
                0x00000000001000dd                _rtcin
                0x00000000001000e8                ___udivsi3
                0x00000000001000f3                ___divsi3
                0x00000000001000ff                sbzero
                0x000000000010010f                bcopy
                0x0000000000100123                insw
                0x0000000000100139                outsw
                0x000000000010014f                lidt
                0x0000000000100157                jumptocode
                0x000000000010015e                jumptobootcode
 .text          0x0000000000100165      0x3e3 binaries/ascdate.o
                0x0000000000100165                ascdate
 .text          0x0000000000100548       0x14 binaries/bufinit.o
                0x0000000000100548                bufinit
 .text          0x000000000010055c       0xc6 binaries/catch.o
                0x000000000010055c                setjmp
                0x00000000001005ba                longjmp
 .text          0x0000000000100622       0x94 binaries/chprio.o
                0x0000000000100622                chprio
 .text          0x00000000001006b6      0x198 binaries/clkhandler.o
                0x00000000001006b6                clkhandler
 .text          0x000000000010084e       0x7e binaries/clkinit.o
                0x000000000010084e                clkinit
 .text          0x00000000001008cc       0x75 binaries/close.o
                0x00000000001008cc                close
 .text          0x0000000000100941        0x0 binaries/conf.o
 .text          0x0000000000100941       0x7b binaries/control.o
                0x0000000000100941                control
 .text          0x00000000001009bc      0x2c0 binaries/create.o
                0x00000000001009bc                create
 .text          0x0000000000100c7c      0x390 binaries/evec.o
                0x0000000000100c7c                initevec
                0x0000000000100cd3                set_evec
                0x0000000000100d75                trap
 .text          0x000000000010100c       0x19 binaries/exit.o
                0x000000000010100c                exit
 .text          0x0000000000101025       0x8c binaries/freebuf.o
                0x0000000000101025                freebuf
 .text          0x00000000001010b1      0x172 binaries/freemem.o
                0x00000000001010b1                freemem
 .text          0x0000000000101223       0x8a binaries/getbuf.o
                0x0000000000101223                getbuf
 .text          0x00000000001012ad       0x75 binaries/getc.o
                0x00000000001012ad                getc
 .text          0x0000000000101322       0x74 binaries/getdev.o
                0x0000000000101322                getdev
 .text          0x0000000000101396       0xd0 binaries/getitem.o
                0x0000000000101396                getfirst
                0x00000000001013db                getlast
                0x0000000000101422                getitem
 .text          0x0000000000101466      0x10a binaries/getmem.o
                0x0000000000101466                getmem
 .text          0x0000000000101570        0xa binaries/getpid.o
                0x0000000000101570                getpid
 .text          0x000000000010157a       0x7d binaries/getprio.o
                0x000000000010157a                getprio
 .text          0x00000000001015f7       0xfb binaries/getstk.o
                0x00000000001015f7                getstk
 .text          0x00000000001016f2       0x16 binaries/getticks.o
                0x00000000001016f2                getticks
 .text          0x0000000000101708       0x3a binaries/gettime.o
                0x0000000000101708                gettime
 .text          0x0000000000101742      0x1e4 binaries/getutime.o
                0x0000000000101742                getutime
 .text          0x0000000000101926      0x3c5 binaries/i386.o
                0x0000000000101926                setsegs
                0x0000000000101a38                init8259
                0x0000000000101aea                pseg
                0x0000000000101c92                setirmask
 .text          0x0000000000101ceb       0x75 binaries/init.o
                0x0000000000101ceb                init
 .text          0x0000000000101d60      0x3c8 binaries/initialize.o
                0x0000000000101d60                nulluser
                0x00000000001020cf                stop
                0x00000000001020fa                delay
 .text          0x0000000000102128       0xde binaries/insert.o
                0x0000000000102128                insert
 .text          0x0000000000102206      0x110 binaries/insertd.o
                0x0000000000102206                insertd
 .text          0x0000000000102316        0xa binaries/ioerr.o
                0x0000000000102316                ioerr
 .text          0x0000000000102320        0xa binaries/ionull.o
                0x0000000000102320                ionull
 .text          0x000000000010232a      0x19d binaries/kill.o
                0x000000000010232a                kill
 .text          0x00000000001024c7      0x14e binaries/kprintf.o
                0x00000000001024c7                kputc
                0x000000000010255a                kgetc
                0x00000000001025eb                kprintf
 .text          0x0000000000102615       0xe7 binaries/l4e3.o
                0x0000000000102615                l4e3
                0x000000000010267f                proc1
 .text          0x00000000001026fc       0x95 binaries/main.o
                0x00000000001026fc                main
 .text          0x0000000000102791       0xb5 binaries/mark.o
                0x0000000000102791                markinit
                0x00000000001027b5                mark
 .text          0x0000000000102846       0xcc binaries/meminit.o
                0x0000000000102846                meminit
 .text          0x0000000000102912      0x174 binaries/mkbufpool.o
                0x0000000000102912                mkbufpool
 .text          0x0000000000102a86       0x94 binaries/newqueue.o
                0x0000000000102a86                newqueue
 .text          0x0000000000102b1a       0x7b binaries/open.o
                0x0000000000102b1a                open
 .text          0x0000000000102b95       0x20 binaries/panic.o
                0x0000000000102b95                panic
 .text          0x0000000000102bb5      0x489 binaries/pci.o
                0x0000000000102bb5                pci_init
                0x0000000000102e72                find_pci_device
                0x0000000000102ec0                pci_bios_read_config_byte
                0x0000000000102eff                pci_bios_read_config_word
                0x0000000000102f41                pci_bios_read_config_dword
                0x0000000000102f80                pci_bios_write_config_byte
                0x0000000000102fc1                pci_bios_write_config_word
                0x0000000000103003                pci_bios_write_config_dword
 .text          0x000000000010303e       0xf1 binaries/ptclear.o
                0x000000000010303e                _ptclear
 .text          0x000000000010312f       0x9d binaries/ptcount.o
                0x000000000010312f                ptcount
 .text          0x00000000001031cc      0x116 binaries/ptcreate.o
                0x00000000001031cc                ptcreate
 .text          0x00000000001032e2       0x7f binaries/ptdelete.o
                0x00000000001032e2                ptdelete
 .text          0x0000000000103361       0xbf binaries/ptinit.o
                0x0000000000103361                ptinit
 .text          0x0000000000103420      0x11b binaries/ptrecv.o
                0x0000000000103420                ptrecv
 .text          0x000000000010353b       0x77 binaries/ptreset.o
                0x000000000010353b                ptreset
 .text          0x00000000001035b2      0x13d binaries/ptsend.o
                0x00000000001035b2                ptsend
 .text          0x00000000001036ef       0x80 binaries/putc.o
                0x00000000001036ef                putc
 .text          0x000000000010376f      0x111 binaries/queue.o
                0x000000000010376f                enqueue
                0x0000000000103813                dequeue
 .text          0x0000000000103880       0x7b binaries/read.o
                0x0000000000103880                read
 .text          0x00000000001038fb       0x7e binaries/ready.o
                0x00000000001038fb                ready
 .text          0x0000000000103979       0x62 binaries/receive.o
                0x0000000000103979                receive
 .text          0x00000000001039db       0x5e binaries/recvclr.o
                0x00000000001039db                recvclr
 .text          0x0000000000103a39       0xbd binaries/recvtime.o
                0x0000000000103a39                recvtime
 .text          0x0000000000103af6      0x1e2 binaries/resched.o
                0x0000000000103af6                resched
                0x0000000000103c63                resched_cntl
 .text          0x0000000000103cd8       0xb1 binaries/resume.o
                0x0000000000103cd8                resume
 .text          0x0000000000103d89       0x79 binaries/seek.o
                0x0000000000103d89                seek
 .text          0x0000000000103e02       0x70 binaries/semcount.o
                0x0000000000103e02                semcount
 .text          0x0000000000103e72       0xd6 binaries/semcreate.o
                0x0000000000103e72                semcreate
 .text          0x0000000000103f48       0xcd binaries/semdelete.o
                0x0000000000103f48                semdelete
 .text          0x0000000000104015       0xcb binaries/semreset.o
                0x0000000000104015                semreset
 .text          0x00000000001040e0       0xed binaries/send.o
                0x00000000001040e0                send
 .text          0x00000000001041cd       0xa8 binaries/signal.o
                0x00000000001041cd                signal
 .text          0x0000000000104275       0xd6 binaries/signaln.o
                0x0000000000104275                signaln
 .text          0x000000000010434b       0xed binaries/sleep.o
                0x000000000010434b                sleep
                0x0000000000104399                sleepms
 .text          0x0000000000104438      0x192 binaries/stacktrace.o
                0x0000000000104438                stacktrace
 .text          0x00000000001045ca       0xe7 binaries/suspend.o
                0x00000000001045ca                suspend
 .text          0x00000000001046b1       0xe9 binaries/unsleep.o
                0x00000000001046b1                unsleep
 .text          0x000000000010479a       0x19 binaries/userret.o
                0x000000000010479a                userret
 .text          0x00000000001047b3       0xdd binaries/wait.o
                0x00000000001047b3                wait
 .text          0x0000000000104890       0xc5 binaries/wakeup.o
                0x0000000000104890                wakeup
 .text          0x0000000000104955       0x7b binaries/write.o
                0x0000000000104955                write
 .text          0x00000000001049d0       0x1d binaries/xdone.o
                0x00000000001049d0                xdone
 .text          0x00000000001049ed       0x28 binaries/yield.o
                0x00000000001049ed                yield
 .text          0x0000000000104a15       0x11 binaries/abs.o
                0x0000000000104a15                abs
 .text          0x0000000000104a26       0x8f binaries/atoi.o
                0x0000000000104a26                atoi
 .text          0x0000000000104ab5       0x8f binaries/atol.o
                0x0000000000104ab5                atol
 .text          0x0000000000104b44       0x31 binaries/bzero.o
                0x0000000000104b44                bzero
 .text          0x0000000000104b75        0x0 binaries/ctype_.o
 .text          0x0000000000104b75      0x8ed binaries/doprnt.o
                0x0000000000104b75                _doprnt
 .text          0x0000000000105462      0x65c binaries/doscan.o
                0x0000000000105462                _doscan
 .text          0x0000000000105abe      0x711 binaries/fdoprnt.o
                0x0000000000105abe                _fdoprnt
 .text          0x00000000001061cf       0x29 binaries/fgetc.o
                0x00000000001061cf                fgetc
 .text          0x00000000001061f8       0x75 binaries/fgets.o
                0x00000000001061f8                fgets
 .text          0x000000000010626d       0x2a binaries/fprintf.o
                0x000000000010626d                fprintf
 .text          0x0000000000106297       0x2c binaries/fputc.o
                0x0000000000106297                fputc
 .text          0x00000000001062c3       0x43 binaries/fputs.o
                0x00000000001062c3                fputs
 .text          0x0000000000106306       0x8a binaries/fscanf.o
                0x0000000000106306                fscanf
 .text          0x0000000000106390       0x32 binaries/getchar.o
                0x0000000000106390                getchar
 .text          0x00000000001063c2       0x11 binaries/labs.o
                0x00000000001063c2                labs
 .text          0x00000000001063d3        0x0 binaries/memchr.o
 .text          0x00000000001063d3       0x51 binaries/memcmp.o
                0x00000000001063d3                memcmp
 .text          0x0000000000106424       0x3f binaries/memcpy.o
                0x0000000000106424                memcpy
 .text          0x0000000000106463       0x30 binaries/memset.o
                0x0000000000106463                memset
 .text          0x0000000000106493       0x48 binaries/printf.o
                0x0000000000106493                printf
 .text          0x00000000001064db       0x35 binaries/putchar.o
                0x00000000001064db                putchar
 .text          0x0000000000106510      0x27e binaries/qsort.o
                0x0000000000106510                qsort
 .text          0x000000000010678e       0x63 binaries/rand.o
                0x000000000010678e                rand
                0x00000000001067a6                rand_r
                0x00000000001067e4                srand
 .text          0x00000000001067f1       0x66 binaries/sprintf.o
                0x00000000001067f1                sprintf
 .text          0x0000000000106857       0x70 binaries/sscanf.o
                0x0000000000106857                sscanf
 .text          0x00000000001068c7       0x3c binaries/strchr.o
                0x00000000001068c7                strchr
 .text          0x0000000000106903       0x45 binaries/strcmp.o
                0x0000000000106903                strcmp
 .text          0x0000000000106948       0x27 binaries/strcpy.o
                0x0000000000106948                strcpy
 .text          0x000000000010696f       0x26 binaries/strlen.o
                0x000000000010696f                strlen
 .text          0x0000000000106995       0x56 binaries/strncat.o
                0x0000000000106995                strncat
 .text          0x00000000001069eb       0x5f binaries/strncmp.o
                0x00000000001069eb                strncmp
 .text          0x0000000000106a4a       0x4f binaries/strncpy.o
                0x0000000000106a4a                strncpy
 .text          0x0000000000106a99       0x2e binaries/strnlen.o
                0x0000000000106a99                strnlen
 .text          0x0000000000106ac7       0x45 binaries/strrchr.o
                0x0000000000106ac7                strrchr
 .text          0x0000000000106b0c       0x6d binaries/strstr.o
                0x0000000000106b0c                strstr
 .text          0x0000000000106b79       0xe4 binaries/ttycontrol.o
                0x0000000000106b79                ttycontrol
 .text          0x0000000000106c5d       0x97 binaries/ttygetc.o
                0x0000000000106c5d                ttygetc
 .text          0x0000000000106cf4      0x6ee binaries/ttyhandle_in.o
                0x0000000000106cf4                ttyhandle_in
 .text          0x00000000001073e2      0x1ae binaries/ttyhandle_out.o
                0x00000000001073e2                ttyhandle_out
 .text          0x0000000000107590       0xce binaries/ttyhandler.o
                0x0000000000107590                ttyhandler
 .text          0x000000000010765e      0x22f binaries/ttyinit.o
                0x000000000010765e                ttyinit
 .text          0x000000000010788d       0x1b binaries/ttykickout.o
                0x000000000010788d                ttykickout
 .text          0x00000000001078a8       0xb7 binaries/ttyputc.o
                0x00000000001078a8                ttyputc
 .text          0x000000000010795f      0x11b binaries/ttyread.o
                0x000000000010795f                ttyread
 .text          0x0000000000107a7a       0x4f binaries/ttywrite.o
                0x0000000000107a7a                ttywrite
 .text          0x0000000000107ac9      0x14b binaries/mount.o
                0x0000000000107ac9                mount
                0x0000000000107bde                namlen
 .text          0x0000000000107c14      0x1ea binaries/naminit.o
                0x0000000000107c14                naminit
 .text          0x0000000000107dfe      0x211 binaries/nammap.o
                0x0000000000107dfe                nammap
                0x0000000000107e89                namrepl
                0x0000000000107fbf                namcpy
 .text          0x000000000010800f       0x4e binaries/namopen.o
                0x000000000010800f                namopen
 .text          0x000000000010805d      0xec3 binaries/82545EMInit.o
                0x00000000001080bb                _82545EMInit
                0x0000000000108d8c                _82545EM_read_phy_reg
                0x0000000000108e52                _82545EM_write_phy_reg
 .text          0x0000000000108f20      0x241 binaries/ethcontrol.o
                0x0000000000108f7e                ethcontrol
                0x00000000001090f4                ethIrqDisable
                0x0000000000109129                ethIrqEnable
 .text          0x0000000000109161      0x252 binaries/ethhandler.o
                0x00000000001092d1                ethhandler
 .text          0x00000000001093b3      0x126 binaries/ethinit.o
                0x00000000001093b3                ethinit
 .text          0x00000000001094d9      0x1f4 binaries/ethread.o
                0x0000000000109537                ethread
 .text          0x00000000001096cd      0x19f binaries/ethwrite.o
                0x000000000010972b                ethwrite
 .text          0x000000000010986c       0x9e binaries/rdsbufalloc.o
                0x000000000010986c                rdsbufalloc
 .text          0x000000000010990a       0xcc binaries/rdsclose.o
                0x000000000010990a                rdsclose
 .text          0x00000000001099d6      0x2e8 binaries/rdscomm.o
                0x00000000001099d6                rdscomm
 .text          0x0000000000109cbe      0x233 binaries/rdscontrol.o
                0x0000000000109cbe                rdscontrol
 .text          0x0000000000109ef1      0x1f3 binaries/rdsinit.o
                0x0000000000109ef1                rdsinit
 .text          0x000000000010a0e4      0x254 binaries/rdsopen.o
                0x000000000010a0e4                rdsopen
 .text          0x000000000010a338      0x461 binaries/rdsprocess.o
                0x000000000010a338                rdsprocess
 .text          0x000000000010a799      0x259 binaries/rdsread.o
                0x000000000010a799                rdsread
 .text          0x000000000010a9f2      0x1fe binaries/rdswrite.o
                0x000000000010a9f2                rdswrite
 .text          0x000000000010abf0        0xa binaries/ramclose.o
                0x000000000010abf0                ramclose
 .text          0x000000000010abfa       0x3e binaries/raminit.o
                0x000000000010abfa                raminit
 .text          0x000000000010ac38        0xa binaries/ramopen.o
                0x000000000010ac38                ramopen
 .text          0x000000000010ac42       0x32 binaries/ramread.o
                0x000000000010ac42                ramread
 .text          0x000000000010ac74       0x32 binaries/ramwrite.o
                0x000000000010ac74                ramwrite
 .text          0x000000000010aca6       0x98 binaries/lfdballoc.o
                0x000000000010aca6                lfdballoc
 .text          0x000000000010ad3e       0x58 binaries/lfdbfree.o
                0x000000000010ad3e                lfdbfree
 .text          0x000000000010ad96       0xb6 binaries/lfflush.o
                0x000000000010ad96                lfflush
 .text          0x000000000010ae4c       0xd8 binaries/lfgetmode.o
                0x000000000010ae4c                lfgetmode
 .text          0x000000000010af24       0x68 binaries/lfiballoc.o
                0x000000000010af24                lfiballoc
 .text          0x000000000010af8c       0x3b binaries/lfibclear.o
                0x000000000010af8c                lfibclear
 .text          0x000000000010afc7       0xad binaries/lfibget.o
                0x000000000010afc7                lfibget
 .text          0x000000000010b074       0xdc binaries/lfibput.o
                0x000000000010b074                lfibput
 .text          0x000000000010b150       0xa2 binaries/lflclose.o
                0x000000000010b150                lflclose
 .text          0x000000000010b1f2       0xd0 binaries/lflcontrol.o
                0x000000000010b1f2                lflcontrol
 .text          0x000000000010b2c2       0xf2 binaries/lflgetc.o
                0x000000000010b2c2                lflgetc
 .text          0x000000000010b3b4       0xf1 binaries/lflinit.o
                0x000000000010b3b4                lflinit
 .text          0x000000000010b4a5      0x122 binaries/lflputc.o
                0x000000000010b4a5                lflputc
 .text          0x000000000010b5c7       0x70 binaries/lflread.o
                0x000000000010b5c7                lflread
 .text          0x000000000010b637       0xac binaries/lflseek.o
                0x000000000010b637                lflseek
 .text          0x000000000010b6e3       0x55 binaries/lflwrite.o
                0x000000000010b6e3                lflwrite
 .text          0x000000000010b738       0x62 binaries/lfscheck.o
                0x000000000010b738                lfscheck
 .text          0x000000000010b79a      0x175 binaries/lfsckfmt.o
                0x000000000010b79a                lfsckfmt
 .text          0x000000000010b90f      0x1ad binaries/lfscreate.o
                0x000000000010b90f                lfscreate
 .text          0x000000000010babc      0x278 binaries/lfsetup.o
                0x000000000010babc                lfsetup
 .text          0x000000000010bd34       0x51 binaries/lfsinit.o
                0x000000000010bd34                lfsinit
 .text          0x000000000010bd85      0x3c0 binaries/lfsopen.o
                0x000000000010bd85                lfsopen
 .text          0x000000000010c145      0x15e binaries/lftruncate.o
                0x000000000010c145                lftruncate
 .text          0x000000000010c2a3       0x71 binaries/rflclose.o
                0x000000000010c2a3                rflclose
 .text          0x000000000010c314       0x32 binaries/rflgetc.o
                0x000000000010c314                rflgetc
 .text          0x000000000010c346       0x76 binaries/rflinit.o
                0x000000000010c346                rflinit
 .text          0x000000000010c3bc       0x33 binaries/rflputc.o
                0x000000000010c3bc                rflputc
 .text          0x000000000010c3ef      0x360 binaries/rflread.o
                0x000000000010c3ef                rflread
 .text          0x000000000010c74f       0x74 binaries/rflseek.o
                0x000000000010c74f                rflseek
 .text          0x000000000010c7c3      0x34d binaries/rflwrite.o
                0x000000000010c7c3                rflwrite
 .text          0x000000000010cb10      0x1e2 binaries/rfscomm.o
                0x000000000010cb10                rfscomm
 .text          0x000000000010ccf2      0x26d binaries/rfscontrol.o
                0x000000000010ccf2                rfscontrol
 .text          0x000000000010cf5f       0xd8 binaries/rfsgetmode.o
                0x000000000010cf5f                rfsgetmode
 .text          0x000000000010d037       0x86 binaries/rfsinit.o
                0x000000000010d037                rfsinit
 .text          0x000000000010d0bd      0x111 binaries/rfsndmsg.o
                0x000000000010d0bd                rfsndmsg
 .text          0x000000000010d1ce      0x2aa binaries/rfsopen.o
                0x000000000010d1ce                rfsopen
 .text          0x000000000010d478      0x86b binaries/arp.o
                0x000000000010d478                arp_init
                0x000000000010d4c4                arp_resolve
                0x000000000010d786                arp_in
                0x000000000010da3c                arp_alloc
                0x000000000010db0b                arp_ntoh
                0x000000000010dbf7                arp_hton
 .text          0x000000000010dce3      0x8e3 binaries/dhcp.o
                0x000000000010dce3                dhcp_get_opt_val
                0x000000000010dd3c                dhcp_bld_bootp_msg
                0x000000000010de49                dhcp_bld_disc
                0x000000000010df32                dhcp_bld_req
                0x000000000010e0a4                getlocalip
 .text          0x000000000010e5c6      0x59f binaries/dns.o
                0x000000000010e5c6                dnslookup
 .text          0x000000000010eb65       0xe8 binaries/dot2ip.o
                0x000000000010eb65                dot2ip
 .text          0x000000000010ec4d      0x4c4 binaries/hexdump.o
                0x000000000010ec4d                hexdump
                0x000000000010edf4                hexadump
 .text          0x000000000010f111      0x8af binaries/icmp.o
                0x000000000010f111                icmp_init
                0x000000000010f148                icmp_in
                0x000000000010f31e                icmp_register
                0x000000000010f419                icmp_recv
                0x000000000010f5a5                icmp_send
                0x000000000010f62d                icmp_mkpkt
                0x000000000010f747                icmp_release
                0x000000000010f845                icmp_cksum
                0x000000000010f8d8                icmp_hton
                0x000000000010f94c                icmp_ntoh
 .text          0x000000000010f9c0      0x8a5 binaries/ip.o
                0x000000000010f9c0                ip_in
                0x000000000010fb44                ip_send
                0x000000000010fc9f                ip_local
                0x000000000010fceb                ip_out
                0x000000000010fe24                ipcksum
                0x000000000010feaa                ip_ntoh
                0x000000000010ff96                ip_hton
                0x0000000000110082                ipout
                0x00000000001101b1                ip_enqueue
 .text          0x0000000000110265      0x2cd binaries/net.o
                0x0000000000110265                net_init
                0x000000000011038d                netin
                0x000000000011044a                eth_hton
                0x0000000000110474                eth_ntoh
                0x000000000011049e                getport
 .text          0x0000000000110532     0x147f binaries/pdump.o
                0x0000000000110532                pdump
                0x00000000001112ef                pdumph
 .text          0x00000000001119b1      0x613 binaries/tftp.o
                0x00000000001119b1                tftp_send1
                0x0000000000111b29                tftpget
                0x0000000000111b5b                tftpget_mb
 .text          0x0000000000111fc4      0xb82 binaries/udp.o
                0x0000000000111fc4                udp_init
                0x0000000000111ff9                udp_in
                0x000000000011213b                udp_register
                0x0000000000112278                udp_recv
                0x0000000000112414                udp_recvaddr
                0x00000000001125c8                udp_send
                0x00000000001127b0                udp_sendto
                0x0000000000112961                udp_release
                0x0000000000112a5c                udp_ntoh
                0x0000000000112ad1                udp_hton
 .text          0x0000000000112b46      0x13b binaries/addargs.o
                0x0000000000112b46                addargs
 .text          0x0000000000112c81      0x2c9 binaries/lexan.o
                0x0000000000112c81                lexan
 .text          0x0000000000112f4a      0x667 binaries/shell.o
                0x0000000000112f4a                shell
 .text          0x00000000001135b1       0x69 binaries/xsh_argecho.o
                0x00000000001135b1                xsh_argecho
 .text          0x000000000011361a      0x274 binaries/xsh_arp.o
                0x000000000011361a                xsh_arp
 .text          0x000000000011388e      0x275 binaries/xsh_cat.o
                0x000000000011388e                xsh_cat
 .text          0x0000000000113b03       0x5f binaries/xsh_clear.o
                0x0000000000113b03                xsh_clear
 .text          0x0000000000113b62      0x2ff binaries/xsh_date.o
                0x0000000000113b62                xsh_date
 .text          0x0000000000113e61       0xaf binaries/xsh_devdump.o
                0x0000000000113e61                xsh_devdump
 .text          0x0000000000113f10       0x72 binaries/xsh_echo.o
                0x0000000000113f10                xsh_echo
 .text          0x0000000000113f82        0xa binaries/xsh_exit.o
                0x0000000000113f82                xsh_exit
 .text          0x0000000000113f8c      0x38b binaries/xsh_help.o
                0x0000000000113f8c                xsh_help
 .text          0x0000000000114317      0x24e binaries/xsh_kill.o
                0x0000000000114317                xsh_kill
 .text          0x0000000000114565      0x266 binaries/xsh_l3e2.o
                0x0000000000114565                xsh_l3e2
                0x000000000011466f                Proc1
                0x000000000011471d                Proc2
 .text          0x00000000001147cb      0x107 binaries/xsh_l3e4.o
                0x00000000001147cb                xsh_l3e4
                0x00000000001147e7                Proc
                0x0000000000114838                work
 .text          0x00000000001148d2      0x111 binaries/xsh_l4e1.o
                0x00000000001148d2                xsh_l4e1
                0x000000000011496e                Proc_read
 .text          0x00000000001149e3       0x91 binaries/xsh_l4e2.o
                0x00000000001149e3                xsh_l4e2
 .text          0x0000000000114a74        0xa binaries/xsh_l4e3.o
                0x0000000000114a74                xsh_l4e3
 .text          0x0000000000114a7e        0xa binaries/xsh_l4e4.o
                0x0000000000114a7e                xsh_l4e4
 .text          0x0000000000114a88        0xa binaries/xsh_l5e2.o
                0x0000000000114a88                xsh_l5e2
 .text          0x0000000000114a92        0xa binaries/xsh_l5e4.o
                0x0000000000114a92                xsh_l5e4
 .text          0x0000000000114a9c       0x3d binaries/xsh_l6e1.o
                0x0000000000114a9c                xsh_l6e1
 .text          0x0000000000114ad9       0x56 binaries/xsh_l7e2.o
                0x0000000000114ad9                xsh_l7e2
 .text          0x0000000000114b2f      0x54b binaries/xsh_memdump.o
                0x0000000000114b2f                xsh_memdump
 .text          0x000000000011507a      0x2b1 binaries/xsh_memstat.o
                0x000000000011507a                xsh_memstat
 .text          0x000000000011532b      0x511 binaries/xsh_netinfo.o
                0x000000000011532b                xsh_netinfo
 .text          0x000000000011583c      0x498 binaries/xsh_ping.o
                0x000000000011583c                xsh_ping
 .text          0x0000000000115cd4      0x229 binaries/xsh_ps.o
                0x0000000000115cd4                xsh_ps
 .text          0x0000000000115efd      0x402 binaries/xsh_rds.o
                0x0000000000115efd                xsh_rds
 .text          0x00000000001162ff      0x22a binaries/xsh_sleep.o
                0x00000000001162ff                xsh_sleep
 .text          0x0000000000116529      0x27c binaries/xsh_udpdump.o
                0x0000000000116529                xsh_udpdump
 .text          0x00000000001167a5      0x4cc binaries/xsh_udpecho.o
                0x00000000001167a5                xsh_udpecho
 .text          0x0000000000116c71      0x28a binaries/xsh_udpserver.o
                0x0000000000116c71                xsh_udpeserver
 .text          0x0000000000116efb      0x1f5 binaries/xsh_uptime.o
                0x0000000000116efb                xsh_uptime
 .text          0x00000000001170f0        0xe binaries/clkdisp.o
                0x00000000001170f0                clkdisp
 .text          0x00000000001170fe       0x19 binaries/ctxsw.o
                0x00000000001170fe                ctxsw
 .text          0x0000000000117117      0x368 binaries/intr.o
                0x0000000000117117                disable
                0x0000000000117120                restore
                0x000000000011712e                enable
                0x0000000000117130                pause
                0x0000000000117137                halt
                0x000000000011713a                spurious_irq7
                0x000000000011713f                spurious_irq15
                0x000000000011714e                _Xint0
                0x0000000000117159                _Xint1
                0x0000000000117164                _Xint2
                0x000000000011716f                _Xint3
                0x000000000011717a                _Xint4
                0x0000000000117185                _Xint5
                0x0000000000117190                _Xint6
                0x000000000011719b                _Xint7
                0x00000000001171a6                _Xint8
                0x00000000001171b1                _Xint9
                0x00000000001171bc                _Xint10
                0x00000000001171c7                _Xint11
                0x00000000001171d5                _Xint12
                0x00000000001171e3                _Xint13
                0x00000000001171f1                _Xint14
                0x00000000001171ff                _Xint15
                0x000000000011720d                _Xint16
                0x000000000011721b                _Xint17
                0x0000000000117229                _Xint18
                0x0000000000117237                _Xint19
                0x0000000000117245                _Xint20
                0x0000000000117253                _Xint21
                0x0000000000117261                _Xint22
                0x000000000011726f                _Xint23
                0x000000000011727d                _Xint24
                0x000000000011728b                _Xint25
                0x0000000000117299                _Xint26
                0x00000000001172a7                _Xint27
                0x00000000001172b5                _Xint28
                0x00000000001172c3                _Xint29
                0x00000000001172d1                _Xint30
                0x00000000001172df                _Xint31
                0x00000000001172ed                _Xint32
                0x00000000001172fb                _Xint33
                0x0000000000117309                _Xint34
                0x0000000000117317                _Xint35
                0x0000000000117325                _Xint36
                0x0000000000117333                _Xint37
                0x0000000000117341                _Xint38
                0x000000000011734f                _Xint39
                0x000000000011735d                _Xint40
                0x000000000011736b                _Xint41
                0x0000000000117379                _Xint42
                0x0000000000117387                _Xint43
                0x0000000000117395                _Xint44
                0x00000000001173a3                _Xint45
                0x00000000001173b1                _Xint46
                0x00000000001173bf                defevec
 .text          0x000000000011747f        0xf binaries/ttydispatch.o
                0x000000000011747f                ttydispatch
 .text          0x000000000011748e       0x13 binaries/ethdispatch.o
                0x000000000011748e                ethdispatch
 *(.rodata .rodata.*)
 *fill*         0x00000000001174a1        0x3 
 .rodata        0x00000000001174a4       0x8e binaries/ascdate.o
 *fill*         0x0000000000117532        0x2 
 .rodata        0x0000000000117534       0x60 binaries/catch.o
 .rodata        0x0000000000117594       0x26 binaries/clkhandler.o
 .rodata        0x00000000001175ba       0xae binaries/conf.o
 .rodata        0x0000000000117668      0x23f binaries/evec.o
 *fill*         0x00000000001178a7        0x1 
 .rodata        0x00000000001178a8       0x61 binaries/getutime.o
 *fill*         0x0000000000117909        0x3 
 .rodata        0x000000000011790c       0x90 binaries/i386.o
 .rodata        0x000000000011799c      0x180 binaries/initialize.o
 .rodata        0x0000000000117b1c       0x20 binaries/kill.o
 .rodata        0x0000000000117b3c       0x29 binaries/l4e3.o
 *fill*         0x0000000000117b65        0x3 
 .rodata        0x0000000000117b68       0x2a binaries/main.o
 .rodata        0x0000000000117b92        0xf binaries/panic.o
 *fill*         0x0000000000117ba1        0x3 
 .rodata        0x0000000000117ba4      0x1ec binaries/pci.o
 .rodata        0x0000000000117d90       0x1d binaries/ptinit.o
 *fill*         0x0000000000117dad        0x3 
 .rodata        0x0000000000117db0       0x25 binaries/ptsend.o
 .rodata        0x0000000000117dd5       0x21 binaries/resched.o
 *fill*         0x0000000000117df6        0x2 
 .rodata        0x0000000000117df8       0xb7 binaries/stacktrace.o
 .rodata        0x0000000000117eaf       0x15 binaries/wakeup.o
 .rodata        0x0000000000117ec4       0x27 binaries/xdone.o
 *fill*         0x0000000000117eeb       0x15 
 .rodata        0x0000000000117f00       0x81 binaries/ctype_.o
                0x0000000000117f00                _ctype_
 *fill*         0x0000000000117f81        0x3 
 .rodata        0x0000000000117f84       0xee binaries/doprnt.o
 *fill*         0x0000000000118072        0x2 
 .rodata        0x0000000000118074       0x98 binaries/doscan.o
 .rodata        0x000000000011810c       0xae binaries/fdoprnt.o
 *fill*         0x00000000001181ba        0x2 
 .rodata        0x00000000001181bc       0x20 binaries/ttycontrol.o
 .rodata        0x00000000001181dc       0x34 binaries/ttyhandler.o
 .rodata        0x0000000000118210       0x80 binaries/naminit.o
 .rodata        0x0000000000118290       0x2e binaries/82545EMInit.o
 *fill*         0x00000000001182be        0x2 
 .rodata        0x00000000001182c0       0x78 binaries/ethinit.o
 .rodata        0x0000000000118338       0x18 binaries/ethread.o
 .rodata        0x0000000000118350       0x2c binaries/rdsbufalloc.o
 .rodata        0x000000000011837c       0x76 binaries/rdscomm.o
 *fill*         0x00000000001183f2        0x2 
 .rodata        0x00000000001183f4       0x48 binaries/rdscontrol.o
 .rodata        0x000000000011843c       0x96 binaries/rdsinit.o
 *fill*         0x00000000001184d2        0x2 
 .rodata        0x00000000001184d4       0x51 binaries/rdsopen.o
 *fill*         0x0000000000118525        0x3 
 .rodata        0x0000000000118528       0x4d binaries/rdsprocess.o
 .rodata        0x0000000000118575        0x9 binaries/raminit.o
 *fill*         0x000000000011857e        0x2 
 .rodata        0x0000000000118580       0x37 binaries/lfdballoc.o
 .rodata        0x00000000001185b7       0x14 binaries/lfiballoc.o
 *fill*         0x00000000001185cb        0x1 
 .rodata        0x00000000001185cc       0x23 binaries/lflcontrol.o
 *fill*         0x00000000001185ef        0x1 
 .rodata        0x00000000001185f0      0x11b binaries/lfsckfmt.o
 *fill*         0x000000000011870b        0x1 
 .rodata        0x000000000011870c       0x2a binaries/lfsopen.o
 *fill*         0x0000000000118736        0x2 
 .rodata        0x0000000000118738       0x21 binaries/rflread.o
 *fill*         0x0000000000118759        0x3 
 .rodata        0x000000000011875c       0x21 binaries/rflwrite.o
 *fill*         0x000000000011877d        0x3 
 .rodata        0x0000000000118780       0x75 binaries/rfscomm.o
 *fill*         0x00000000001187f5        0x3 
 .rodata        0x00000000001187f8       0x3c binaries/rfscontrol.o
 .rodata        0x0000000000118834       0x63 binaries/rfsinit.o
 *fill*         0x0000000000118897        0x1 
 .rodata        0x0000000000118898       0x2a binaries/rfsndmsg.o
 *fill*         0x00000000001188c2        0x2 
 .rodata        0x00000000001188c4       0x22 binaries/rfsopen.o
 *fill*         0x00000000001188e6        0x2 
 .rodata        0x00000000001188e8       0x60 binaries/arp.o
 .rodata        0x0000000000118948       0xcf binaries/dhcp.o
 .rodata        0x0000000000118a17       0x1a binaries/dns.o
 *fill*         0x0000000000118a31        0x3 
 .rodata        0x0000000000118a34       0xc9 binaries/hexdump.o
 *fill*         0x0000000000118afd        0x3 
 .rodata        0x0000000000118b00       0x29 binaries/icmp.o
 *fill*         0x0000000000118b29        0x3 
 .rodata        0x0000000000118b2c       0x6e binaries/ip.o
 *fill*         0x0000000000118b9a        0x2 
 .rodata        0x0000000000118b9c       0x4f binaries/net.o
 *fill*         0x0000000000118beb        0x1 
 .rodata        0x0000000000118bec      0x26f binaries/pdump.o
 *fill*         0x0000000000118e5b        0x1 
 .rodata        0x0000000000118e5c      0x154 binaries/tftp.o
 *fill*         0x0000000000118fb0       0x10 
 .rodata        0x0000000000118fc0      0x485 binaries/shell.o
                0x0000000000119080                cmdtab
 .rodata        0x0000000000119445       0x28 binaries/xsh_argecho.o
 *fill*         0x000000000011946d        0x3 
 .rodata        0x0000000000119470      0x123 binaries/xsh_arp.o
 *fill*         0x0000000000119593        0x1 
 .rodata        0x0000000000119594       0xc9 binaries/xsh_cat.o
 .rodata        0x000000000011965d       0x19 binaries/xsh_clear.o
 *fill*         0x0000000000119676        0x2 
 .rodata        0x0000000000119678      0x1c3 binaries/xsh_date.o
 .rodata        0x000000000011983b       0x5d binaries/xsh_devdump.o
 .rodata        0x0000000000119898        0x9 binaries/xsh_echo.o
 *fill*         0x00000000001198a1        0x3 
 .rodata        0x00000000001198a4      0x169 binaries/xsh_help.o
 *fill*         0x0000000000119a0d        0x3 
 .rodata        0x0000000000119a10      0x12e binaries/xsh_kill.o
 *fill*         0x0000000000119b3e        0x2 
 .rodata        0x0000000000119b40       0xa4 binaries/xsh_l3e2.o
 .rodata        0x0000000000119be4       0x70 binaries/xsh_l3e4.o
 .rodata        0x0000000000119c54       0x56 binaries/xsh_l4e1.o
 .rodata        0x0000000000119caa       0x53 binaries/xsh_l4e2.o
 .rodata        0x0000000000119cfd        0x9 binaries/xsh_l6e1.o
 .rodata        0x0000000000119d06       0x30 binaries/xsh_l7e2.o
 *fill*         0x0000000000119d36        0x2 
 .rodata        0x0000000000119d38      0x266 binaries/xsh_memdump.o
 *fill*         0x0000000000119f9e        0x2 
 .rodata        0x0000000000119fa0      0x225 binaries/xsh_memstat.o
 *fill*         0x000000000011a1c5        0x3 
 .rodata        0x000000000011a1c8      0x1b0 binaries/xsh_netinfo.o
 .rodata        0x000000000011a378      0x1a1 binaries/xsh_ping.o
 *fill*         0x000000000011a519        0x7 
 .rodata        0x000000000011a520      0x1e0 binaries/xsh_ps.o
 .rodata        0x000000000011a700      0x27b binaries/xsh_rds.o
 *fill*         0x000000000011a97b        0x1 
 .rodata        0x000000000011a97c       0xeb binaries/xsh_sleep.o
 *fill*         0x000000000011aa67        0x1 
 .rodata        0x000000000011aa68      0x1b8 binaries/xsh_udpdump.o
 .rodata        0x000000000011ac20      0x215 binaries/xsh_udpecho.o
 *fill*         0x000000000011ae35        0x3 
 .rodata        0x000000000011ae38      0x11c binaries/xsh_udpserver.o
 .rodata        0x000000000011af54      0x105 binaries/xsh_uptime.o
                0x000000000011b059                etext = ABSOLUTE (.)
                0x000000000011c000                . = ALIGN (0x1000)
 *fill*         0x000000000011b059      0xfa7 

.iplt           0x000000000011c000        0x0
 .iplt          0x000000000011c000        0x0 binaries/ethdispatch.o

.eh_frame       0x000000000011c000     0x2ea8
 .eh_frame      0x000000000011c000       0x38 binaries/ascdate.o
 .eh_frame      0x000000000011c038       0x20 binaries/bufinit.o
                                         0x38 (size before relaxing)
 .eh_frame      0x000000000011c058       0x40 binaries/catch.o
                                         0x58 (size before relaxing)
 .eh_frame      0x000000000011c098       0x20 binaries/chprio.o
                                         0x38 (size before relaxing)
 .eh_frame      0x000000000011c0b8       0x20 binaries/clkhandler.o
                                         0x38 (size before relaxing)
 .eh_frame      0x000000000011c0d8       0x20 binaries/clkinit.o
                                         0x38 (size before relaxing)
 .eh_frame      0x000000000011c0f8       0x20 binaries/close.o
                                         0x38 (size before relaxing)
 .eh_frame      0x000000000011c118       0x20 binaries/control.o
                                         0x38 (size before relaxing)
 .eh_frame      0x000000000011c138       0x40 binaries/create.o
                                         0x58 (size before relaxing)
 .eh_frame      0x000000000011c178       0x60 binaries/evec.o
                                         0x78 (size before relaxing)
 .eh_frame      0x000000000011c1d8       0x20 binaries/exit.o
                                         0x38 (size before relaxing)
 .eh_frame      0x000000000011c1f8       0x20 binaries/freebuf.o
                                         0x38 (size before relaxing)
 .eh_frame      0x000000000011c218       0x20 binaries/freemem.o
                                         0x38 (size before relaxing)
 .eh_frame      0x000000000011c238       0x20 binaries/getbuf.o
                                         0x38 (size before relaxing)
 .eh_frame      0x000000000011c258       0x20 binaries/getc.o
                                         0x38 (size before relaxing)
 .eh_frame      0x000000000011c278       0x20 binaries/getdev.o
                                         0x38 (size before relaxing)
 .eh_frame      0x000000000011c298       0x60 binaries/getitem.o
                                         0x78 (size before relaxing)
 .eh_frame      0x000000000011c2f8       0x20 binaries/getmem.o
                                         0x38 (size before relaxing)
 .eh_frame      0x000000000011c318       0x20 binaries/getpid.o
                                         0x38 (size before relaxing)
 .eh_frame      0x000000000011c338       0x20 binaries/getprio.o
                                         0x38 (size before relaxing)
 .eh_frame      0x000000000011c358       0x20 binaries/getstk.o
                                         0x38 (size before relaxing)
 .eh_frame      0x000000000011c378       0x20 binaries/getticks.o
                                         0x38 (size before relaxing)
 .eh_frame      0x000000000011c398       0x20 binaries/gettime.o
                                         0x38 (size before relaxing)
 .eh_frame      0x000000000011c3b8       0x20 binaries/getutime.o
                                         0x38 (size before relaxing)
 .eh_frame      0x000000000011c3d8       0x8c binaries/i386.o
                                         0xa4 (size before relaxing)
 .eh_frame      0x000000000011c464       0x20 binaries/init.o
                                         0x38 (size before relaxing)
 .eh_frame      0x000000000011c484       0xa0 binaries/initialize.o
                                         0xb8 (size before relaxing)
 .eh_frame      0x000000000011c524       0x20 binaries/insert.o
                                         0x38 (size before relaxing)
 .eh_frame      0x000000000011c544       0x20 binaries/insertd.o
                                         0x38 (size before relaxing)
 .eh_frame      0x000000000011c564       0x20 binaries/ioerr.o
                                         0x38 (size before relaxing)
 .eh_frame      0x000000000011c584       0x20 binaries/ionull.o
                                         0x38 (size before relaxing)
 .eh_frame      0x000000000011c5a4       0x20 binaries/kill.o
                                         0x38 (size before relaxing)
 .eh_frame      0x000000000011c5c4       0x60 binaries/kprintf.o
                                         0x78 (size before relaxing)
 .eh_frame      0x000000000011c624       0x40 binaries/l4e3.o
                                         0x58 (size before relaxing)
 .eh_frame      0x000000000011c664       0x24 binaries/main.o
                                         0x3c (size before relaxing)
 .eh_frame      0x000000000011c688       0x40 binaries/mark.o
                                         0x58 (size before relaxing)
 .eh_frame      0x000000000011c6c8       0x20 binaries/meminit.o
                                         0x38 (size before relaxing)
 .eh_frame      0x000000000011c6e8       0x20 binaries/mkbufpool.o
                                         0x38 (size before relaxing)
 .eh_frame      0x000000000011c708       0x20 binaries/newqueue.o
                                         0x38 (size before relaxing)
 .eh_frame      0x000000000011c728       0x20 binaries/open.o
                                         0x38 (size before relaxing)
 .eh_frame      0x000000000011c748       0x1c binaries/panic.o
                                         0x34 (size before relaxing)
 .eh_frame      0x000000000011c764      0x1c8 binaries/pci.o
                                        0x1e0 (size before relaxing)
 .eh_frame      0x000000000011c92c       0x20 binaries/ptclear.o
                                         0x38 (size before relaxing)
 .eh_frame      0x000000000011c94c       0x20 binaries/ptcount.o
                                         0x38 (size before relaxing)
 .eh_frame      0x000000000011c96c       0x20 binaries/ptcreate.o
                                         0x38 (size before relaxing)
 .eh_frame      0x000000000011c98c       0x20 binaries/ptdelete.o
                                         0x38 (size before relaxing)
 .eh_frame      0x000000000011c9ac       0x20 binaries/ptinit.o
                                         0x38 (size before relaxing)
 .eh_frame      0x000000000011c9cc       0x20 binaries/ptrecv.o
                                         0x38 (size before relaxing)
 .eh_frame      0x000000000011c9ec       0x20 binaries/ptreset.o
                                         0x38 (size before relaxing)
 .eh_frame      0x000000000011ca0c       0x20 binaries/ptsend.o
                                         0x38 (size before relaxing)
 .eh_frame      0x000000000011ca2c       0x20 binaries/putc.o
                                         0x38 (size before relaxing)
 .eh_frame      0x000000000011ca4c       0x40 binaries/queue.o
                                         0x58 (size before relaxing)
 .eh_frame      0x000000000011ca8c       0x20 binaries/read.o
                                         0x38 (size before relaxing)
 .eh_frame      0x000000000011caac       0x24 binaries/ready.o
                                         0x3c (size before relaxing)
 .eh_frame      0x000000000011cad0       0x20 binaries/receive.o
                                         0x38 (size before relaxing)
 .eh_frame      0x000000000011caf0       0x20 binaries/recvclr.o
                                         0x38 (size before relaxing)
 .eh_frame      0x000000000011cb10       0x20 binaries/recvtime.o
                                         0x38 (size before relaxing)
 .eh_frame      0x000000000011cb30       0x40 binaries/resched.o
                                         0x58 (size before relaxing)
 .eh_frame      0x000000000011cb70       0x20 binaries/resume.o
                                         0x38 (size before relaxing)
 .eh_frame      0x000000000011cb90       0x20 binaries/seek.o
                                         0x38 (size before relaxing)
 .eh_frame      0x000000000011cbb0       0x20 binaries/semcount.o
                                         0x38 (size before relaxing)
 .eh_frame      0x000000000011cbd0       0x40 binaries/semcreate.o
                                         0x58 (size before relaxing)
 .eh_frame      0x000000000011cc10       0x20 binaries/semdelete.o
                                         0x38 (size before relaxing)
 .eh_frame      0x000000000011cc30       0x20 binaries/semreset.o
                                         0x38 (size before relaxing)
 .eh_frame      0x000000000011cc50       0x20 binaries/send.o
                                         0x38 (size before relaxing)
 .eh_frame      0x000000000011cc70       0x20 binaries/signal.o
                                         0x38 (size before relaxing)
 .eh_frame      0x000000000011cc90       0x20 binaries/signaln.o
                                         0x38 (size before relaxing)
 .eh_frame      0x000000000011ccb0       0x40 binaries/sleep.o
                                         0x58 (size before relaxing)
 .eh_frame      0x000000000011ccf0       0x20 binaries/stacktrace.o
                                         0x38 (size before relaxing)
 .eh_frame      0x000000000011cd10       0x20 binaries/suspend.o
                                         0x38 (size before relaxing)
 .eh_frame      0x000000000011cd30       0x20 binaries/unsleep.o
                                         0x38 (size before relaxing)
 .eh_frame      0x000000000011cd50       0x20 binaries/userret.o
                                         0x38 (size before relaxing)
 .eh_frame      0x000000000011cd70       0x20 binaries/wait.o
                                         0x38 (size before relaxing)
 .eh_frame      0x000000000011cd90       0x20 binaries/wakeup.o
                                         0x38 (size before relaxing)
 .eh_frame      0x000000000011cdb0       0x20 binaries/write.o
                                         0x38 (size before relaxing)
 .eh_frame      0x000000000011cdd0       0x20 binaries/xdone.o
                                         0x38 (size before relaxing)
 .eh_frame      0x000000000011cdf0       0x20 binaries/yield.o
                                         0x38 (size before relaxing)
 .eh_frame      0x000000000011ce10       0x20 binaries/abs.o
                                         0x38 (size before relaxing)
 .eh_frame      0x000000000011ce30       0x20 binaries/atoi.o
                                         0x38 (size before relaxing)
 .eh_frame      0x000000000011ce50       0x20 binaries/atol.o
                                         0x38 (size before relaxing)
 .eh_frame      0x000000000011ce70       0x20 binaries/bzero.o
                                         0x38 (size before relaxing)
 .eh_frame      0x000000000011ce90       0xe0 binaries/doprnt.o
                                         0xf8 (size before relaxing)
 .eh_frame      0x000000000011cf70       0xb0 binaries/doscan.o
                                         0xc8 (size before relaxing)
 .eh_frame      0x000000000011d020       0xc0 binaries/fdoprnt.o
                                         0xd8 (size before relaxing)
 .eh_frame      0x000000000011d0e0       0x20 binaries/fgetc.o
                                         0x38 (size before relaxing)
 .eh_frame      0x000000000011d100       0x20 binaries/fgets.o
                                         0x38 (size before relaxing)
 .eh_frame      0x000000000011d120       0x20 binaries/fprintf.o
                                         0x38 (size before relaxing)
 .eh_frame      0x000000000011d140       0x20 binaries/fputc.o
                                         0x38 (size before relaxing)
 .eh_frame      0x000000000011d160       0x20 binaries/fputs.o
                                         0x38 (size before relaxing)
 .eh_frame      0x000000000011d180       0x60 binaries/fscanf.o
                                         0x78 (size before relaxing)
 .eh_frame      0x000000000011d1e0       0x20 binaries/getchar.o
                                         0x38 (size before relaxing)
 .eh_frame      0x000000000011d200       0x20 binaries/labs.o
                                         0x38 (size before relaxing)
 .eh_frame      0x000000000011d220       0x20 binaries/memcmp.o
                                         0x38 (size before relaxing)
 .eh_frame      0x000000000011d240       0x24 binaries/memcpy.o
                                         0x3c (size before relaxing)
 .eh_frame      0x000000000011d264       0x24 binaries/memset.o
                                         0x3c (size before relaxing)
 .eh_frame      0x000000000011d288       0x20 binaries/printf.o
                                         0x38 (size before relaxing)
 .eh_frame      0x000000000011d2a8       0x20 binaries/putchar.o
                                         0x38 (size before relaxing)
 .eh_frame      0x000000000011d2c8       0xa8 binaries/qsort.o
                                         0xc0 (size before relaxing)
 .eh_frame      0x000000000011d370       0x60 binaries/rand.o
                                         0x78 (size before relaxing)
 .eh_frame      0x000000000011d3d0       0x40 binaries/sprintf.o
                                         0x58 (size before relaxing)
 .eh_frame      0x000000000011d410       0x60 binaries/sscanf.o
                                         0x78 (size before relaxing)
 .eh_frame      0x000000000011d470       0x20 binaries/strchr.o
                                         0x38 (size before relaxing)
 .eh_frame      0x000000000011d490       0x20 binaries/strcmp.o
                                         0x38 (size before relaxing)
 .eh_frame      0x000000000011d4b0       0x20 binaries/strcpy.o
                                         0x38 (size before relaxing)
 .eh_frame      0x000000000011d4d0       0x20 binaries/strlen.o
                                         0x38 (size before relaxing)
 .eh_frame      0x000000000011d4f0       0x20 binaries/strncat.o
                                         0x38 (size before relaxing)
 .eh_frame      0x000000000011d510       0x20 binaries/strncmp.o
                                         0x38 (size before relaxing)
 .eh_frame      0x000000000011d530       0x28 binaries/strncpy.o
                                         0x40 (size before relaxing)
 .eh_frame      0x000000000011d558       0x20 binaries/strnlen.o
                                         0x38 (size before relaxing)
 .eh_frame      0x000000000011d578       0x20 binaries/strrchr.o
                                         0x38 (size before relaxing)
 .eh_frame      0x000000000011d598       0x20 binaries/strstr.o
                                         0x38 (size before relaxing)
 .eh_frame      0x000000000011d5b8       0x20 binaries/ttycontrol.o
                                         0x38 (size before relaxing)
 .eh_frame      0x000000000011d5d8       0x20 binaries/ttygetc.o
                                         0x38 (size before relaxing)
 .eh_frame      0x000000000011d5f8       0x80 binaries/ttyhandle_in.o
                                         0x98 (size before relaxing)
 .eh_frame      0x000000000011d678       0x20 binaries/ttyhandle_out.o
                                         0x38 (size before relaxing)
 .eh_frame      0x000000000011d698       0x20 binaries/ttyhandler.o
                                         0x38 (size before relaxing)
 .eh_frame      0x000000000011d6b8       0x20 binaries/ttyinit.o
                                         0x38 (size before relaxing)
 .eh_frame      0x000000000011d6d8       0x20 binaries/ttykickout.o
                                         0x38 (size before relaxing)
 .eh_frame      0x000000000011d6f8       0x20 binaries/ttyputc.o
                                         0x38 (size before relaxing)
 .eh_frame      0x000000000011d718       0x24 binaries/ttyread.o
                                         0x3c (size before relaxing)
 .eh_frame      0x000000000011d73c       0x20 binaries/ttywrite.o
                                         0x38 (size before relaxing)
 .eh_frame      0x000000000011d75c       0x40 binaries/mount.o
                                         0x58 (size before relaxing)
 .eh_frame      0x000000000011d79c       0x20 binaries/naminit.o
                                         0x38 (size before relaxing)
 .eh_frame      0x000000000011d7bc       0x60 binaries/nammap.o
                                         0x78 (size before relaxing)
 .eh_frame      0x000000000011d81c       0x20 binaries/namopen.o
                                         0x38 (size before relaxing)
 .eh_frame      0x000000000011d83c      0x150 binaries/82545EMInit.o
                                        0x168 (size before relaxing)
 .eh_frame      0x000000000011d98c       0xa0 binaries/ethcontrol.o
                                         0xb8 (size before relaxing)
 .eh_frame      0x000000000011da2c       0x80 binaries/ethhandler.o
                                         0x98 (size before relaxing)
 .eh_frame      0x000000000011daac       0x20 binaries/ethinit.o
                                         0x38 (size before relaxing)
 .eh_frame      0x000000000011dacc       0x60 binaries/ethread.o
                                         0x78 (size before relaxing)
 .eh_frame      0x000000000011db2c       0x60 binaries/ethwrite.o
                                         0x78 (size before relaxing)
 .eh_frame      0x000000000011db8c       0x20 binaries/rdsbufalloc.o
                                         0x38 (size before relaxing)
 .eh_frame      0x000000000011dbac       0x20 binaries/rdsclose.o
                                         0x38 (size before relaxing)
 .eh_frame      0x000000000011dbcc       0x20 binaries/rdscomm.o
                                         0x38 (size before relaxing)
 .eh_frame      0x000000000011dbec       0x20 binaries/rdscontrol.o
                                         0x38 (size before relaxing)
 .eh_frame      0x000000000011dc0c       0x20 binaries/rdsinit.o
                                         0x38 (size before relaxing)
 .eh_frame      0x000000000011dc2c       0x20 binaries/rdsopen.o
                                         0x38 (size before relaxing)
 .eh_frame      0x000000000011dc4c       0x1c binaries/rdsprocess.o
                                         0x34 (size before relaxing)
 .eh_frame      0x000000000011dc68       0x20 binaries/rdsread.o
                                         0x38 (size before relaxing)
 .eh_frame      0x000000000011dc88       0x20 binaries/rdswrite.o
                                         0x38 (size before relaxing)
 .eh_frame      0x000000000011dca8       0x20 binaries/ramclose.o
                                         0x38 (size before relaxing)
 .eh_frame      0x000000000011dcc8       0x20 binaries/raminit.o
                                         0x38 (size before relaxing)
 .eh_frame      0x000000000011dce8       0x20 binaries/ramopen.o
                                         0x38 (size before relaxing)
 .eh_frame      0x000000000011dd08       0x20 binaries/ramread.o
                                         0x38 (size before relaxing)
 .eh_frame      0x000000000011dd28       0x20 binaries/ramwrite.o
                                         0x38 (size before relaxing)
 .eh_frame      0x000000000011dd48       0x20 binaries/lfdballoc.o
                                         0x38 (size before relaxing)
 .eh_frame      0x000000000011dd68       0x20 binaries/lfdbfree.o
                                         0x38 (size before relaxing)
 .eh_frame      0x000000000011dd88       0x20 binaries/lfflush.o
                                         0x38 (size before relaxing)
 .eh_frame      0x000000000011dda8       0x20 binaries/lfgetmode.o
                                         0x38 (size before relaxing)
 .eh_frame      0x000000000011ddc8       0x20 binaries/lfiballoc.o
                                         0x38 (size before relaxing)
 .eh_frame      0x000000000011dde8       0x20 binaries/lfibclear.o
                                         0x38 (size before relaxing)
 .eh_frame      0x000000000011de08       0x20 binaries/lfibget.o
                                         0x38 (size before relaxing)
 .eh_frame      0x000000000011de28       0x20 binaries/lfibput.o
                                         0x38 (size before relaxing)
 .eh_frame      0x000000000011de48       0x20 binaries/lflclose.o
                                         0x38 (size before relaxing)
 .eh_frame      0x000000000011de68       0x20 binaries/lflcontrol.o
                                         0x38 (size before relaxing)
 .eh_frame      0x000000000011de88       0x20 binaries/lflgetc.o
                                         0x38 (size before relaxing)
 .eh_frame      0x000000000011dea8       0x20 binaries/lflinit.o
                                         0x38 (size before relaxing)
 .eh_frame      0x000000000011dec8       0x20 binaries/lflputc.o
                                         0x38 (size before relaxing)
 .eh_frame      0x000000000011dee8       0x20 binaries/lflread.o
                                         0x38 (size before relaxing)
 .eh_frame      0x000000000011df08       0x20 binaries/lflseek.o
                                         0x38 (size before relaxing)
 .eh_frame      0x000000000011df28       0x20 binaries/lflwrite.o
                                         0x38 (size before relaxing)
 .eh_frame      0x000000000011df48       0x20 binaries/lfscheck.o
                                         0x38 (size before relaxing)
 .eh_frame      0x000000000011df68       0x20 binaries/lfsckfmt.o
                                         0x38 (size before relaxing)
 .eh_frame      0x000000000011df88       0x20 binaries/lfscreate.o
                                         0x38 (size before relaxing)
 .eh_frame      0x000000000011dfa8       0x20 binaries/lfsetup.o
                                         0x38 (size before relaxing)
 .eh_frame      0x000000000011dfc8       0x20 binaries/lfsinit.o
                                         0x38 (size before relaxing)
 .eh_frame      0x000000000011dfe8       0x20 binaries/lfsopen.o
                                         0x38 (size before relaxing)
 .eh_frame      0x000000000011e008       0x20 binaries/lftruncate.o
                                         0x38 (size before relaxing)
 .eh_frame      0x000000000011e028       0x20 binaries/rflclose.o
                                         0x38 (size before relaxing)
 .eh_frame      0x000000000011e048       0x20 binaries/rflgetc.o
                                         0x38 (size before relaxing)
 .eh_frame      0x000000000011e068       0x20 binaries/rflinit.o
                                         0x38 (size before relaxing)
 .eh_frame      0x000000000011e088       0x20 binaries/rflputc.o
                                         0x38 (size before relaxing)
 .eh_frame      0x000000000011e0a8       0x20 binaries/rflread.o
                                         0x38 (size before relaxing)
 .eh_frame      0x000000000011e0c8       0x20 binaries/rflseek.o
                                         0x38 (size before relaxing)
 .eh_frame      0x000000000011e0e8       0x20 binaries/rflwrite.o
                                         0x38 (size before relaxing)
 .eh_frame      0x000000000011e108       0x20 binaries/rfscomm.o
                                         0x38 (size before relaxing)
 .eh_frame      0x000000000011e128       0x20 binaries/rfscontrol.o
                                         0x38 (size before relaxing)
 .eh_frame      0x000000000011e148       0x20 binaries/rfsgetmode.o
                                         0x38 (size before relaxing)
 .eh_frame      0x000000000011e168       0x20 binaries/rfsinit.o
                                         0x38 (size before relaxing)
 .eh_frame      0x000000000011e188       0x20 binaries/rfsndmsg.o
                                         0x38 (size before relaxing)
 .eh_frame      0x000000000011e1a8       0x20 binaries/rfsopen.o
                                         0x38 (size before relaxing)
 .eh_frame      0x000000000011e1c8       0xc0 binaries/arp.o
                                         0xd8 (size before relaxing)
 .eh_frame      0x000000000011e288       0xa0 binaries/dhcp.o
                                         0xb8 (size before relaxing)
 .eh_frame      0x000000000011e328       0x80 binaries/dns.o
                                         0x98 (size before relaxing)
 .eh_frame      0x000000000011e3a8       0x20 binaries/dot2ip.o
                                         0x38 (size before relaxing)
 .eh_frame      0x000000000011e3c8       0x40 binaries/hexdump.o
                                         0x58 (size before relaxing)
 .eh_frame      0x000000000011e408      0x14c binaries/icmp.o
                                        0x164 (size before relaxing)
 .eh_frame      0x000000000011e554      0x11c binaries/ip.o
                                        0x134 (size before relaxing)
 .eh_frame      0x000000000011e670       0xa0 binaries/net.o
                                         0xb8 (size before relaxing)
 .eh_frame      0x000000000011e710       0x60 binaries/pdump.o
                                         0x78 (size before relaxing)
 .eh_frame      0x000000000011e770       0x60 binaries/tftp.o
                                         0x78 (size before relaxing)
 .eh_frame      0x000000000011e7d0      0x140 binaries/udp.o
                                        0x158 (size before relaxing)
 .eh_frame      0x000000000011e910       0x20 binaries/addargs.o
                                         0x38 (size before relaxing)
 .eh_frame      0x000000000011e930       0x20 binaries/lexan.o
                                         0x38 (size before relaxing)
 .eh_frame      0x000000000011e950       0x20 binaries/shell.o
                                         0x38 (size before relaxing)
 .eh_frame      0x000000000011e970       0x20 binaries/xsh_argecho.o
                                         0x38 (size before relaxing)
 .eh_frame      0x000000000011e990       0x40 binaries/xsh_arp.o
                                         0x58 (size before relaxing)
 .eh_frame      0x000000000011e9d0       0x20 binaries/xsh_cat.o
                                         0x38 (size before relaxing)
 .eh_frame      0x000000000011e9f0       0x20 binaries/xsh_clear.o
                                         0x38 (size before relaxing)
 .eh_frame      0x000000000011ea10       0x20 binaries/xsh_date.o
                                         0x38 (size before relaxing)
 .eh_frame      0x000000000011ea30       0x20 binaries/xsh_devdump.o
                                         0x38 (size before relaxing)
 .eh_frame      0x000000000011ea50       0x20 binaries/xsh_echo.o
                                         0x38 (size before relaxing)
 .eh_frame      0x000000000011ea70       0x20 binaries/xsh_exit.o
                                         0x38 (size before relaxing)
 .eh_frame      0x000000000011ea90       0x20 binaries/xsh_help.o
                                         0x38 (size before relaxing)
 .eh_frame      0x000000000011eab0       0x20 binaries/xsh_kill.o
                                         0x38 (size before relaxing)
 .eh_frame      0x000000000011ead0       0x60 binaries/xsh_l3e2.o
                                         0x78 (size before relaxing)
 .eh_frame      0x000000000011eb30       0x60 binaries/xsh_l3e4.o
                                         0x78 (size before relaxing)
 .eh_frame      0x000000000011eb90       0x40 binaries/xsh_l4e1.o
                                         0x58 (size before relaxing)
 .eh_frame      0x000000000011ebd0       0x20 binaries/xsh_l4e2.o
                                         0x38 (size before relaxing)
 .eh_frame      0x000000000011ebf0       0x20 binaries/xsh_l4e3.o
                                         0x38 (size before relaxing)
 .eh_frame      0x000000000011ec10       0x20 binaries/xsh_l4e4.o
                                         0x38 (size before relaxing)
 .eh_frame      0x000000000011ec30       0x20 binaries/xsh_l5e2.o
                                         0x38 (size before relaxing)
 .eh_frame      0x000000000011ec50       0x20 binaries/xsh_l5e4.o
                                         0x38 (size before relaxing)
 .eh_frame      0x000000000011ec70       0x20 binaries/xsh_l6e1.o
                                         0x38 (size before relaxing)
 .eh_frame      0x000000000011ec90       0x20 binaries/xsh_l7e2.o
                                         0x38 (size before relaxing)
 .eh_frame      0x000000000011ecb0       0x40 binaries/xsh_memdump.o
                                         0x58 (size before relaxing)
 .eh_frame      0x000000000011ecf0       0x60 binaries/xsh_memstat.o
                                         0x78 (size before relaxing)
 .eh_frame      0x000000000011ed50       0x30 binaries/xsh_netinfo.o
                                         0x48 (size before relaxing)
 .eh_frame      0x000000000011ed80       0x24 binaries/xsh_ping.o
                                         0x3c (size before relaxing)
 .eh_frame      0x000000000011eda4       0x30 binaries/xsh_ps.o
                                         0x48 (size before relaxing)
 .eh_frame      0x000000000011edd4       0x20 binaries/xsh_rds.o
                                         0x38 (size before relaxing)
 .eh_frame      0x000000000011edf4       0x20 binaries/xsh_sleep.o
                                         0x38 (size before relaxing)
 .eh_frame      0x000000000011ee14       0x20 binaries/xsh_udpdump.o
                                         0x38 (size before relaxing)
 .eh_frame      0x000000000011ee34       0x30 binaries/xsh_udpecho.o
                                         0x48 (size before relaxing)
 .eh_frame      0x000000000011ee64       0x24 binaries/xsh_udpserver.o
                                         0x3c (size before relaxing)
 .eh_frame      0x000000000011ee88       0x20 binaries/xsh_uptime.o
                                         0x38 (size before relaxing)

.note.gnu.property
                0x000000000011eea8       0x1c
 .note.gnu.property
                0x000000000011eea8       0x1c binaries/ethdispatch.o

.rel.dyn        0x000000000011eec4        0x0
 .rel.got       0x000000000011eec4        0x0 binaries/ethdispatch.o
 .rel.iplt      0x000000000011eec4        0x0 binaries/ethdispatch.o
 .rel.text      0x000000000011eec4        0x0 binaries/ethdispatch.o

.data           0x000000000011eee0     0x1120
                0x000000000011eee0                data = ABSOLUTE (.)
 *(.data .data.*)
[...]
 .comment       0x000000000000001d       0x1e binaries/xsh_l4e3.o
 .comment       0x000000000000001d       0x1e binaries/xsh_l4e4.o
 .comment       0x000000000000001d       0x1e binaries/xsh_l5e2.o
 .comment       0x000000000000001d       0x1e binaries/xsh_l5e4.o
 .comment       0x000000000000001d       0x1e binaries/xsh_l6e1.o
 .comment       0x000000000000001d       0x1e binaries/xsh_l7e2.o
 .comment       0x000000000000001d       0x1e binaries/xsh_memdump.o
 .comment       0x000000000000001d       0x1e binaries/xsh_memstat.o
 .comment       0x000000000000001d       0x1e binaries/xsh_netinfo.o
 .comment       0x000000000000001d       0x1e binaries/xsh_ping.o
 .comment       0x000000000000001d       0x1e binaries/xsh_ps.o
 .comment       0x000000000000001d       0x1e binaries/xsh_rds.o
 .comment       0x000000000000001d       0x1e binaries/xsh_sleep.o
 .comment       0x000000000000001d       0x1e binaries/xsh_udpdump.o
 .comment       0x000000000000001d       0x1e binaries/xsh_udpecho.o
 .comment       0x000000000000001d       0x1e binaries/xsh_udpserver.o
 .comment       0x000000000000001d       0x1e binaries/xsh_uptime.o

.note.GNU-stack
                0x0000000000000000        0x0
 .note.GNU-stack
                0x0000000000000000        0x0 binaries/ascdate.o
 .note.GNU-stack
                0x0000000000000000        0x0 binaries/bufinit.o
 .note.GNU-stack
                0x0000000000000000        0x0 binaries/catch.o
 .note.GNU-stack
                0x0000000000000000        0x0 binaries/chprio.o
 .note.GNU-stack
                0x0000000000000000        0x0 binaries/clkhandler.o
 .note.GNU-stack
                0x0000000000000000        0x0 binaries/clkinit.o
 .note.GNU-stack
                0x0000000000000000        0x0 binaries/close.o
 .note.GNU-stack
                0x0000000000000000        0x0 binaries/conf.o
 .note.GNU-stack
                0x0000000000000000        0x0 binaries/control.o
 .note.GNU-stack
                0x0000000000000000        0x0 binaries/create.o
 .note.GNU-stack
                0x0000000000000000        0x0 binaries/evec.o
 .note.GNU-stack
                0x0000000000000000        0x0 binaries/exit.o
 .note.GNU-stack
                0x0000000000000000        0x0 binaries/freebuf.o
 .note.GNU-stack
                0x0000000000000000        0x0 binaries/freemem.o
 .note.GNU-stack
                0x0000000000000000        0x0 binaries/getbuf.o
 .note.GNU-stack
                0x0000000000000000        0x0 binaries/getc.o
 .note.GNU-stack
                0x0000000000000000        0x0 binaries/getdev.o
 .note.GNU-stack
                0x0000000000000000        0x0 binaries/getitem.o
 .note.GNU-stack
                0x0000000000000000        0x0 binaries/getmem.o
 .note.GNU-stack
                0x0000000000000000        0x0 binaries/getpid.o
 .note.GNU-stack
                0x0000000000000000        0x0 binaries/getprio.o
 .note.GNU-stack
                0x0000000000000000        0x0 binaries/getstk.o
 .note.GNU-stack
                0x0000000000000000        0x0 binaries/getticks.o
 .note.GNU-stack
                0x0000000000000000        0x0 binaries/gettime.o
 .note.GNU-stack
                0x0000000000000000        0x0 binaries/getutime.o
 .note.GNU-stack
                0x0000000000000000        0x0 binaries/i386.o
 .note.GNU-stack
                0x0000000000000000        0x0 binaries/init.o
 .note.GNU-stack
                0x0000000000000000        0x0 binaries/initialize.o
 .note.GNU-stack
                0x0000000000000000        0x0 binaries/insert.o
 .note.GNU-stack
                0x0000000000000000        0x0 binaries/insertd.o
 .note.GNU-stack
                0x0000000000000000        0x0 binaries/ioerr.o
 .note.GNU-stack
                0x0000000000000000        0x0 binaries/ionull.o
 .note.GNU-stack
                0x0000000000000000        0x0 binaries/kill.o
 .note.GNU-stack
                0x0000000000000000        0x0 binaries/kprintf.o
 .note.GNU-stack
                0x0000000000000000        0x0 binaries/l4e3.o
 .note.GNU-stack
                0x0000000000000000        0x0 binaries/main.o
 .note.GNU-stack
                0x0000000000000000        0x0 binaries/mark.o
 .note.GNU-stack
                0x0000000000000000        0x0 binaries/meminit.o
 .note.GNU-stack
                0x0000000000000000        0x0 binaries/mkbufpool.o
 .note.GNU-stack
                0x0000000000000000        0x0 binaries/newqueue.o
 .note.GNU-stack
                0x0000000000000000        0x0 binaries/open.o
 .note.GNU-stack
                0x0000000000000000        0x0 binaries/panic.o
 .note.GNU-stack
                0x0000000000000000        0x0 binaries/pci.o
 .note.GNU-stack
                0x0000000000000000        0x0 binaries/ptclear.o
 .note.GNU-stack
                0x0000000000000000        0x0 binaries/ptcount.o
 .note.GNU-stack
                0x0000000000000000        0x0 binaries/ptcreate.o
 .note.GNU-stack
                0x0000000000000000        0x0 binaries/ptdelete.o
 .note.GNU-stack
                0x0000000000000000        0x0 binaries/ptinit.o
 .note.GNU-stack
                0x0000000000000000        0x0 binaries/ptrecv.o
 .note.GNU-stack
                0x0000000000000000        0x0 binaries/ptreset.o
 .note.GNU-stack
                0x0000000000000000        0x0 binaries/ptsend.o
 .note.GNU-stack
                0x0000000000000000        0x0 binaries/putc.o
 .note.GNU-stack
                0x0000000000000000        0x0 binaries/queue.o
 .note.GNU-stack
                0x0000000000000000        0x0 binaries/read.o
 .note.GNU-stack
                0x0000000000000000        0x0 binaries/ready.o
 .note.GNU-stack
                0x0000000000000000        0x0 binaries/receive.o
 .note.GNU-stack
                0x0000000000000000        0x0 binaries/recvclr.o
 .note.GNU-stack
                0x0000000000000000        0x0 binaries/recvtime.o
 .note.GNU-stack
                0x0000000000000000        0x0 binaries/resched.o
 .note.GNU-stack
                0x0000000000000000        0x0 binaries/resume.o
 .note.GNU-stack
                0x0000000000000000        0x0 binaries/seek.o
 .note.GNU-stack
                0x0000000000000000        0x0 binaries/semcount.o
 .note.GNU-stack
                0x0000000000000000        0x0 binaries/semcreate.o
 .note.GNU-stack
                0x0000000000000000        0x0 binaries/semdelete.o
 .note.GNU-stack
                0x0000000000000000        0x0 binaries/semreset.o
 .note.GNU-stack
                0x0000000000000000        0x0 binaries/send.o
 .note.GNU-stack
                0x0000000000000000        0x0 binaries/signal.o
 .note.GNU-stack
                0x0000000000000000        0x0 binaries/signaln.o
 .note.GNU-stack
                0x0000000000000000        0x0 binaries/sleep.o
 .note.GNU-stack
                0x0000000000000000        0x0 binaries/stacktrace.o
 .note.GNU-stack
                0x0000000000000000        0x0 binaries/suspend.o
 .note.GNU-stack
                0x0000000000000000        0x0 binaries/unsleep.o
 .note.GNU-stack
                0x0000000000000000        0x0 binaries/userret.o
 .note.GNU-stack
                0x0000000000000000        0x0 binaries/wait.o
 .note.GNU-stack
                0x0000000000000000        0x0 binaries/wakeup.o
 .note.GNU-stack
                0x0000000000000000        0x0 binaries/write.o
 .note.GNU-stack
                0x0000000000000000        0x0 binaries/xdone.o
 .note.GNU-stack
                0x0000000000000000        0x0 binaries/yield.o
 .note.GNU-stack
                0x0000000000000000        0x0 binaries/abs.o
 .note.GNU-stack
                0x0000000000000000        0x0 binaries/atoi.o
 .note.GNU-stack
                0x0000000000000000        0x0 binaries/atol.o
 .note.GNU-stack
                0x0000000000000000        0x0 binaries/bzero.o
 .note.GNU-stack
                0x0000000000000000        0x0 binaries/ctype_.o
 .note.GNU-stack
                0x0000000000000000        0x0 binaries/doprnt.o
 .note.GNU-stack
                0x0000000000000000        0x0 binaries/doscan.o
 .note.GNU-stack
                0x0000000000000000        0x0 binaries/fdoprnt.o
 .note.GNU-stack
                0x0000000000000000        0x0 binaries/fgetc.o
 .note.GNU-stack
                0x0000000000000000        0x0 binaries/fgets.o
 .note.GNU-stack
                0x0000000000000000        0x0 binaries/fprintf.o
 .note.GNU-stack
                0x0000000000000000        0x0 binaries/fputc.o
 .note.GNU-stack
                0x0000000000000000        0x0 binaries/fputs.o
 .note.GNU-stack
                0x0000000000000000        0x0 binaries/fscanf.o
 .note.GNU-stack
                0x0000000000000000        0x0 binaries/getchar.o
 .note.GNU-stack
                0x0000000000000000        0x0 binaries/labs.o
 .note.GNU-stack
                0x0000000000000000        0x0 binaries/memchr.o
 .note.GNU-stack
                0x0000000000000000        0x0 binaries/memcmp.o
 .note.GNU-stack
                0x0000000000000000        0x0 binaries/memcpy.o
 .note.GNU-stack
                0x0000000000000000        0x0 binaries/memset.o
 .note.GNU-stack
                0x0000000000000000        0x0 binaries/printf.o
 .note.GNU-stack
                0x0000000000000000        0x0 binaries/putchar.o
 .note.GNU-stack
                0x0000000000000000        0x0 binaries/qsort.o
 .note.GNU-stack
                0x0000000000000000        0x0 binaries/rand.o
 .note.GNU-stack
                0x0000000000000000        0x0 binaries/sprintf.o
 .note.GNU-stack
                0x0000000000000000        0x0 binaries/sscanf.o
 .note.GNU-stack
                0x0000000000000000        0x0 binaries/strchr.o
 .note.GNU-stack
                0x0000000000000000        0x0 binaries/strcmp.o
 .note.GNU-stack
                0x0000000000000000        0x0 binaries/strcpy.o
 .note.GNU-stack
                0x0000000000000000        0x0 binaries/strlen.o
 .note.GNU-stack
                0x0000000000000000        0x0 binaries/strncat.o
 .note.GNU-stack
                0x0000000000000000        0x0 binaries/strncmp.o
 .note.GNU-stack
                0x0000000000000000        0x0 binaries/strncpy.o
 .note.GNU-stack
                0x0000000000000000        0x0 binaries/strnlen.o
 .note.GNU-stack
                0x0000000000000000        0x0 binaries/strrchr.o
 .note.GNU-stack
                0x0000000000000000        0x0 binaries/strstr.o
 .note.GNU-stack
                0x0000000000000000        0x0 binaries/ttycontrol.o
 .note.GNU-stack
                0x0000000000000000        0x0 binaries/ttygetc.o
 .note.GNU-stack
                0x0000000000000000        0x0 binaries/ttyhandle_in.o
 .note.GNU-stack
                0x0000000000000000        0x0 binaries/ttyhandle_out.o
 .note.GNU-stack
                0x0000000000000000        0x0 binaries/ttyhandler.o
 .note.GNU-stack
                0x0000000000000000        0x0 binaries/ttyinit.o
 .note.GNU-stack
                0x0000000000000000        0x0 binaries/ttykickout.o
 .note.GNU-stack
                0x0000000000000000        0x0 binaries/ttyputc.o
 .note.GNU-stack
                0x0000000000000000        0x0 binaries/ttyread.o
 .note.GNU-stack
                0x0000000000000000        0x0 binaries/ttywrite.o
 .note.GNU-stack
                0x0000000000000000        0x0 binaries/mount.o
 .note.GNU-stack
                0x0000000000000000        0x0 binaries/naminit.o
 .note.GNU-stack
                0x0000000000000000        0x0 binaries/nammap.o
 .note.GNU-stack
                0x0000000000000000        0x0 binaries/namopen.o
 .note.GNU-stack
                0x0000000000000000        0x0 binaries/82545EMInit.o
 .note.GNU-stack
                0x0000000000000000        0x0 binaries/ethcontrol.o
 .note.GNU-stack
                0x0000000000000000        0x0 binaries/ethhandler.o
 .note.GNU-stack
                0x0000000000000000        0x0 binaries/ethinit.o
 .note.GNU-stack
                0x0000000000000000        0x0 binaries/ethread.o
 .note.GNU-stack
                0x0000000000000000        0x0 binaries/ethwrite.o
 .note.GNU-stack
                0x0000000000000000        0x0 binaries/rdsbufalloc.o
 .note.GNU-stack
                0x0000000000000000        0x0 binaries/rdsclose.o
 .note.GNU-stack
                0x0000000000000000        0x0 binaries/rdscomm.o
 .note.GNU-stack
                0x0000000000000000        0x0 binaries/rdscontrol.o
 .note.GNU-stack
                0x0000000000000000        0x0 binaries/rdsinit.o
 .note.GNU-stack
                0x0000000000000000        0x0 binaries/rdsopen.o
 .note.GNU-stack
                0x0000000000000000        0x0 binaries/rdsprocess.o
 .note.GNU-stack
                0x0000000000000000        0x0 binaries/rdsread.o
 .note.GNU-stack
                0x0000000000000000        0x0 binaries/rdswrite.o
 .note.GNU-stack
                0x0000000000000000        0x0 binaries/ramclose.o
 .note.GNU-stack
                0x0000000000000000        0x0 binaries/raminit.o
 .note.GNU-stack
                0x0000000000000000        0x0 binaries/ramopen.o
 .note.GNU-stack
                0x0000000000000000        0x0 binaries/ramread.o
 .note.GNU-stack
                0x0000000000000000        0x0 binaries/ramwrite.o
 .note.GNU-stack
                0x0000000000000000        0x0 binaries/lfdballoc.o
 .note.GNU-stack
                0x0000000000000000        0x0 binaries/lfdbfree.o
 .note.GNU-stack
                0x0000000000000000        0x0 binaries/lfflush.o
 .note.GNU-stack
                0x0000000000000000        0x0 binaries/lfgetmode.o
 .note.GNU-stack
                0x0000000000000000        0x0 binaries/lfiballoc.o
 .note.GNU-stack
                0x0000000000000000        0x0 binaries/lfibclear.o
 .note.GNU-stack
                0x0000000000000000        0x0 binaries/lfibget.o
 .note.GNU-stack
                0x0000000000000000        0x0 binaries/lfibput.o
 .note.GNU-stack
                0x0000000000000000        0x0 binaries/lflclose.o
 .note.GNU-stack
                0x0000000000000000        0x0 binaries/lflcontrol.o
 .note.GNU-stack
                0x0000000000000000        0x0 binaries/lflgetc.o
 .note.GNU-stack
                0x0000000000000000        0x0 binaries/lflinit.o
 .note.GNU-stack
                0x0000000000000000        0x0 binaries/lflputc.o
 .note.GNU-stack
                0x0000000000000000        0x0 binaries/lflread.o
 .note.GNU-stack
                0x0000000000000000        0x0 binaries/lflseek.o
 .note.GNU-stack
                0x0000000000000000        0x0 binaries/lflwrite.o
 .note.GNU-stack
                0x0000000000000000        0x0 binaries/lfscheck.o
 .note.GNU-stack
                0x0000000000000000        0x0 binaries/lfsckfmt.o
 .note.GNU-stack
                0x0000000000000000        0x0 binaries/lfscreate.o
 .note.GNU-stack
                0x0000000000000000        0x0 binaries/lfsetup.o
 .note.GNU-stack
                0x0000000000000000        0x0 binaries/lfsinit.o
 .note.GNU-stack
                0x0000000000000000        0x0 binaries/lfsopen.o
 .note.GNU-stack
                0x0000000000000000        0x0 binaries/lftruncate.o
 .note.GNU-stack
                0x0000000000000000        0x0 binaries/rflclose.o
 .note.GNU-stack
                0x0000000000000000        0x0 binaries/rflgetc.o
 .note.GNU-stack
                0x0000000000000000        0x0 binaries/rflinit.o
 .note.GNU-stack
                0x0000000000000000        0x0 binaries/rflputc.o
 .note.GNU-stack
                0x0000000000000000        0x0 binaries/rflread.o
 .note.GNU-stack
                0x0000000000000000        0x0 binaries/rflseek.o
 .note.GNU-stack
                0x0000000000000000        0x0 binaries/rflwrite.o
 .note.GNU-stack
                0x0000000000000000        0x0 binaries/rfscomm.o
 .note.GNU-stack
                0x0000000000000000        0x0 binaries/rfscontrol.o
 .note.GNU-stack
                0x0000000000000000        0x0 binaries/rfsgetmode.o
 .note.GNU-stack
                0x0000000000000000        0x0 binaries/rfsinit.o
 .note.GNU-stack
                0x0000000000000000        0x0 binaries/rfsndmsg.o
 .note.GNU-stack
                0x0000000000000000        0x0 binaries/rfsopen.o
 .note.GNU-stack
                0x0000000000000000        0x0 binaries/arp.o
 .note.GNU-stack
                0x0000000000000000        0x0 binaries/dhcp.o
 .note.GNU-stack
                0x0000000000000000        0x0 binaries/dns.o
 .note.GNU-stack
                0x0000000000000000        0x0 binaries/dot2ip.o
 .note.GNU-stack
                0x0000000000000000        0x0 binaries/hexdump.o
 .note.GNU-stack
                0x0000000000000000        0x0 binaries/icmp.o
 .note.GNU-stack
                0x0000000000000000        0x0 binaries/ip.o
 .note.GNU-stack
                0x0000000000000000        0x0 binaries/net.o
 .note.GNU-stack
                0x0000000000000000        0x0 binaries/pdump.o
 .note.GNU-stack
                0x0000000000000000        0x0 binaries/tftp.o
 .note.GNU-stack
                0x0000000000000000        0x0 binaries/udp.o
 .note.GNU-stack
                0x0000000000000000        0x0 binaries/addargs.o
 .note.GNU-stack
                0x0000000000000000        0x0 binaries/lexan.o
 .note.GNU-stack
                0x0000000000000000        0x0 binaries/shell.o
 .note.GNU-stack
                0x0000000000000000        0x0 binaries/xsh_argecho.o
 .note.GNU-stack
                0x0000000000000000        0x0 binaries/xsh_arp.o
 .note.GNU-stack
                0x0000000000000000        0x0 binaries/xsh_cat.o
 .note.GNU-stack
                0x0000000000000000        0x0 binaries/xsh_clear.o
 .note.GNU-stack
                0x0000000000000000        0x0 binaries/xsh_date.o
 .note.GNU-stack
                0x0000000000000000        0x0 binaries/xsh_devdump.o
 .note.GNU-stack
                0x0000000000000000        0x0 binaries/xsh_echo.o
 .note.GNU-stack
                0x0000000000000000        0x0 binaries/xsh_exit.o
 .note.GNU-stack
                0x0000000000000000        0x0 binaries/xsh_help.o
 .note.GNU-stack
                0x0000000000000000        0x0 binaries/xsh_kill.o
 .note.GNU-stack
                0x0000000000000000        0x0 binaries/xsh_l3e2.o
 .note.GNU-stack
                0x0000000000000000        0x0 binaries/xsh_l3e4.o
 .note.GNU-stack
                0x0000000000000000        0x0 binaries/xsh_l4e1.o
 .note.GNU-stack
                0x0000000000000000        0x0 binaries/xsh_l4e2.o
 .note.GNU-stack
                0x0000000000000000        0x0 binaries/xsh_l4e3.o
 .note.GNU-stack
                0x0000000000000000        0x0 binaries/xsh_l4e4.o
 .note.GNU-stack
                0x0000000000000000        0x0 binaries/xsh_l5e2.o
 .note.GNU-stack
                0x0000000000000000        0x0 binaries/xsh_l5e4.o
 .note.GNU-stack
                0x0000000000000000        0x0 binaries/xsh_l6e1.o
 .note.GNU-stack
                0x0000000000000000        0x0 binaries/xsh_l7e2.o
 .note.GNU-stack
                0x0000000000000000        0x0 binaries/xsh_memdump.o
 .note.GNU-stack
                0x0000000000000000        0x0 binaries/xsh_memstat.o
 .note.GNU-stack
                0x0000000000000000        0x0 binaries/xsh_netinfo.o
 .note.GNU-stack
                0x0000000000000000        0x0 binaries/xsh_ping.o
 .note.GNU-stack
                0x0000000000000000        0x0 binaries/xsh_ps.o
 .note.GNU-stack
                0x0000000000000000        0x0 binaries/xsh_rds.o
 .note.GNU-stack
                0x0000000000000000        0x0 binaries/xsh_sleep.o
 .note.GNU-stack
                0x0000000000000000        0x0 binaries/xsh_udpdump.o
 .note.GNU-stack
                0x0000000000000000        0x0 binaries/xsh_udpecho.o
 .note.GNU-stack
                0x0000000000000000        0x0 binaries/xsh_udpserver.o
 .note.GNU-stack
                0x0000000000000000        0x0 binaries/xsh_uptime.o
